     1                                  section .data
     2                                  	extern sia , sib , sic
     3                                  	extern siNum , siDen , siRes
     4                                  
     5                                  section .text
     6                                  	global asm_func
     7                                  asm_func:
     8                                  	; numerator
     9 00000000 668B1C25[00000000]      	mov    bx,      [sib]    ; bx = b
    10 00000008 66B83700                	mov    ax,      55	     ; ax = 55
    11 0000000C 6629D8                  	sub    ax,      bx       ; ax = 55 - b
    12 0000000F 668B1C25[00000000]      	mov    bx,      [sia]      ; bx = a
    13 00000017 6601D8                  	add    ax,      bx       ; ax = 55 - b + a
    14 0000001A 66890425[00000000]      	mov    [siNum], ax       ; siNum = 55 - b + a
    15                                  
    16                                  	; denominator
    17 00000022 66B8A8FF                	mov    ax,      -88      ; ax = -88
    18 00000026 6699                    	cwd
    19 00000028 668B1C25[00000000]      	mov    bx,      [sic]    ; bx = c
    20 00000030 66F7FB                  	idiv   bx                ; ax = -88 / c
    21 00000033 66FFC0                  	inc    ax                ; ax = -88 / c + 1
    22 00000036 66890425[00000000]      	mov    [siDen], ax       ; siDen = -88 / c + 1
    23                                  
    24 0000003E C3                      	ret 
    25                                  
