     1                                  section .data
     2                                  	extern a   , b   , c
     3                                  	extern Num , Den , Res
     4 00000000 00005C42                	var55   dd   55.0
     5 00000004 0000B0C2                	var88   dd   -88.0
     6 00000008 0000803F                	var1    dd   1.0
     7                                  
     8                                  section .text
     9                                  	global asm_func
    10                                  
    11                                  asm_func:
    12 00000000 9BDBE3                  	finit
    13                                  	; numerator
    14 00000003 D90425[00000000]        	fld      dword    [var55]  ; st(0) = 55
    15 0000000A D82425[00000000]        	fsub     dword    [b]      ; st(0) = 55 - b
    16 00000011 D80425[00000000]        	fadd     dword    [a]      ; st(0) = a + (55 - b)
    17 00000018 DD1425[00000000]        	fst      qword    [Num]
    18 0000001F C3                      	ret
    19                                  	; denominator
    20 00000020 D90425[04000000]        	fld      dword    [var88]  ;
    21 00000027 DA3425[00000000]        	fidiv    dword    [c]      ;
    22 0000002E D80425[08000000]        	fadd     dword    [var1]   ;
    23 00000035 D91425[00000000]        	fst      dword    [Den]    ;
    24                                  	; result
    25 0000003C D83C25[00000000]        	fdivr    dword    [Num]    ;
    26 00000043 D91425[00000000]        	fst      dword    [Res]    ;
    27 0000004A C3                      ret
